root@abdul-VirtualBox:/home/abdul/cmsi387/homework/csi-fs# dd if=/dev/zero of=image count=1024
1024+0 records in
1024+0 records out
524288 bytes (524 kB) copied, 0.00464726 s, 113 MB/s
root@abdul-VirtualBox:/home/abdul/cmsi387/homework/csi-fs# mke2fs imagemke2fs 1.42 (29-Nov-2011)
image is not a block special device.
Proceed anyway? (y,n) y
Discarding device blocks: done                            
Filesystem label=
OS type: Linux
Block size=1024 (log=0)
Fragment size=1024 (log=0)
Stride=0 blocks, Stripe width=0 blocks
64 inodes, 512 blocks
25 blocks (4.88%) reserved for the super user
First data block=1
Maximum filesystem blocks=524288
1 block group
8192 blocks per group, 8192 fragments per group
64 inodes per group

Allocating group tables: done                            
Writing inode tables: done                            
Writing superblocks and filesystem accounting information: done

root@abdul-VirtualBox:/home/abdul/cmsi387/homework/csi-fs# mkdir theDiskImageroot@abdul-VirtualBox:/home/abdul/cmsi387/homework/csi-fs# mount -o loop -o nosuid -o nodev image theDiskImage
root@abdul-VirtualBox:/home/abdul/cmsi387/homework/csi-fs# df theDiskImage/
Filesystem     1K-blocks  Used Available Use% Mounted on
/dev/loop0           499    15       459   4% /home/abdul/cmsi387/homework/csi-fs/theDiskImage
root@abdul-VirtualBox:/home/abdul/cmsi387/homework/csi-fs# cd theDiskImage/
root@abdul-VirtualBox:/home/abdul/cmsi387/homework/csi-fs/theDiskImage# gedit non-emtpy.txt
root@abdul-VirtualBox:/home/abdul/cmsi387/homework/csi-fs/theDiskImage# ls
lost+found  non-emtpy.txt
root@abdul-VirtualBox:/home/abdul/cmsi387/homework/csi-fs/theDiskImage# mkdir DiskSubImage
root@abdul-VirtualBox:/home/abdul/cmsi387/homework/csi-fs/theDiskImage# ls
DiskSubImage  lost+found  non-emtpy.txt
root@abdul-VirtualBox:/home/abdul/cmsi387/homework/csi-fs/theDiskImage# cd DiskSubImage/root@abdul-VirtualBox:/home/abdul/cmsi387/homework/csi-fs/theDiskImage/DiskSubImage# gefit non-empty-two.txt
No command 'gefit' found, did you mean:
 Command 'gedit' from package 'gedit' (main)
gefit: command not found
root@abdul-VirtualBox:/home/abdul/cmsi387/homework/csi-fs/theDiskImage/DiskSubImage# gedit non-empty-two.txt
root@abdul-VirtualBox:/home/abdul/cmsi387/homework/csi-fs/theDiskImage/DiskSubImage# ls
non-empty-two.txt
root@abdul-VirtualBox:/home/abdul/cmsi387/homework/csi-fs/theDiskImage/DiskSubImage# ln -s /home/abdul//cmsi387/homework//csi-fs/theDiskImage/non-empty.txt
root@abdul-VirtualBox:/home/abdul/cmsi387/homework/csi-fs/theDiskImage/DiskSubImage# cd ..
root@abdul-VirtualBox:/home/abdul/cmsi387/homework/csi-fs/theDiskImage# ln /home/abdul//cmsi387/homework//csi-fs/theDiskImage/DiskSubImage/non-empty-two.txt
root@abdul-VirtualBox:/home/abdul/cmsi387/homework/csi-fs/theDiskImage# ls -F
DiskSubImage/  lost+found/  non-empty-two.txt  non-emtpy.txt
root@abdul-VirtualBox:/home/abdul/cmsi387/homework/csi-fs/theDiskImage# ls -l
total 15
drwxr-xr-x 2 root root  1024 Apr 27 22:55 DiskSubImage
drwx------ 2 root root 12288 Apr 27 22:39 lost+found
-rw-r--r-- 2 root root    30 Apr 27 22:48 non-empty-two.txt
-rw-r--r-- 1 root root   130 Apr 27 22:45 non-emtpy.txt
root@abdul-VirtualBox:/home/abdul/cmsi387/homework/csi-fs/theDiskImage# ls -a
.  ..  DiskSubImage  lost+found  non-empty-two.txt  non-emtpy.txt
root@abdul-VirtualBox:/home/abdul/cmsi387/homework/csi-fs/theDiskImage# ls -i
13 DiskSubImage  11 lost+found  14 non-empty-two.txt  12 non-emtpy.txt

